// Jest Snapshot v1, https://goo.gl/fbAQLP

exports[`SearchResultItem Snapshot Test 1`] = `
<Link
  href="/movies/0"
  key="0"
>
  <a
    className="makeStyles-link-2"
  >
    <WithStyles(ForwardRef(ListItem))
      className="makeStyles-searchResultItem-3"
      key="0"
    >
      <WithStyles(ForwardRef(Paper))
        className="makeStyles-searchResultItemPaper-4"
        square={true}
        variant="outlined"
      >
        <WithStyles(ForwardRef(Grid))
          container={true}
        >
          <WithStyles(ForwardRef(Grid))
            item={true}
            xs={1}
          >
            <Image
              animationDuration={3000}
              aspectRatio={0.75}
              color="#fff"
              disableError={false}
              disableSpinner={false}
              disableTransition={false}
              errorIcon={
                <Memo
                  style={
                    Object {
                      "color": "#e0e0e0",
                      "height": 48,
                      "width": 48,
                    }
                  }
                />
              }
              loading={
                <WithStyles(ForwardRef(CircularProgress))
                  size={48}
                />
              }
              src="http://movie.co.jp/image.png"
            />
          </WithStyles(ForwardRef(Grid))>
          <WithStyles(ForwardRef(Grid))
            item={true}
            xs={11}
          >
            <WithStyles(ForwardRef(Typography))
              className="makeStyles-movieCardTitle-1"
              variant="h6"
            >
              タイトル
               (2000) 
            </WithStyles(ForwardRef(Typography))>
          </WithStyles(ForwardRef(Grid))>
        </WithStyles(ForwardRef(Grid))>
      </WithStyles(ForwardRef(Paper))>
    </WithStyles(ForwardRef(ListItem))>
  </a>
</Link>
`;
