// Jest Snapshot v1, https://goo.gl/fbAQLP

exports[`MetaData Snapshot Test 1`] = `
<Head>
  <title>
    title
  </title>
  <meta
    charSet="utf-8"
  />
  <meta
    content="initial-scale=1.0, width=device-width"
    name="viewport"
  />
  <meta
    content="#3f51b5"
    name="theme-color"
  />
  <link
    href="https://fonts.googleapis.com/css?family=Roboto:300,400,500,700&display=swap"
    rel="stylesheet"
  />
  <link
    href="https://fonts.gstatic.com"
    rel="preconnect"
  />
  <link
    href="https://fonts.googleapis.com/css2?family=Noto+Sans+JP&display=swap"
    rel="stylesheet"
  />
</Head>
`;
